// Jest Snapshot v1, https://goo.gl/fbAQLP

exports[`tests Viewer Component 1`] = `
<div>
  <div
    className="viewer-0-0"
  >
    my super test
  </div>
  <div
    className="viewer-0-0"
  >
    my super test 2
  </div>
</div>
`;
